Microchip MPLAB XC8 Compiler V2.31

Linker command line:

-W-3 --edf=C:\Program Files\Microchip\xc8\v2.31\pic\dat\en_msgs.txt \
  -pivt0x8=08h -cn -h+dist/default/production\filtro.X.production.sym \
  --cmf=dist/default/production\filtro.X.production.cmf -z -Q18F47K42 \
  -oC:\Users\ESTUDI~1\AppData\Local\Temp\sans.3 --defsym=__MPLAB_BUILD=1 \
  -Mdist/default/production/filtro.X.production.map -E1 -ver=XC8 Compiler \
  --acfsm=1493 -ASTACK=060h-01FFFh -pstack=STACK -ACODE=00h-01FFFFh \
  -ACONST=00h-01FFFFh -ASMALLCONST=02000h-020FFhx480 \
  -AMEDIUMCONST=02000h-0FFFFh,012000h-01FFFFh -ACOMRAM=01h-05Fh \
  -AABS1=00h-01FFFh -ABIGRAM=01h-01FFFh -ARAM=060h-0FFh,0100h-01FFhx31 \
  -ABANK0=060h-0FFh -ABANK1=0100h-01FFh -ABANK2=0200h-02FFh \
  -ABANK3=0300h-03FFh -ABANK4=0400h-04FFh -ABANK5=0500h-05FFh \
  -ABANK6=0600h-06FFh -ABANK7=0700h-07FFh -ABANK8=0800h-08FFh \
  -ABANK9=0900h-09FFh -ABANK10=0A00h-0AFFh -ABANK11=0B00h-0BFFh \
  -ABANK12=0C00h-0CFFh -ABANK13=0D00h-0DFFh -ABANK14=0E00h-0EFFh \
  -ABANK15=0F00h-0FFFh -ABANK16=01000h-010FFh -ABANK17=01100h-011FFh \
  -ABANK18=01200h-012FFh -ABANK19=01300h-013FFh -ABANK20=01400h-014FFh \
  -ABANK21=01500h-015FFh -ABANK22=01600h-016FFh -ABANK23=01700h-017FFh \
  -ABANK24=01800h-018FFh -ABANK25=01900h-019FFh -ABANK26=01A00h-01AFFh \
  -ABANK27=01B00h-01BFFh -ABANK28=01C00h-01CFFh -ABANK29=01D00h-01DFFh \
  -ABANK30=01E00h-01EFFh -ABANK31=01F00h-01FFFh \
  -ASFR=03800h-038FFhx7,03F00h-03F5Fh,03F60h-03FFFh \
  -ACONFIG=0300000h-0300009h -AIDLOC=0200000h-020000Fh \
  -AEEDATA=0310000h-03103FFh -peeprom_data=EEDATA -preset_vec=00h \
  -ppowerup=CODE,init -pramtop=02000h -psmallconst=SMALLCONST \
  -pmediumconst=MEDIUMCONST -pconst=CONST -AFARRAM=00h-00h \
  -prdata=COMRAM,nvrram=COMRAM,nvbit=COMRAM,rbss=COMRAM,rbit=COMRAM \
  -pfarbss=FARRAM,fardata=FARRAM,nvFARRAM=FARRAM \
  -pintsave_regs=BIGRAM,bigbss=BIGRAM,bigdata=BIGRAM -pbss=RAM \
  -pidata=CODE,irdata=CODE,ibigdata=CODE,ifardata=CODE -prparam=COMRAM \
  C:\Users\ESTUDI~1\AppData\Local\Temp\sans.o \
  dist/default/production\filtro.X.production.o 

Object code version is 3.11

Machine type is 18F47K42



                Name                               Link     Load   Length Selector   Space Scale
C:\Users\ESTUDI~1\AppData\Local\Temp\sans.o
                idloc                            200000   200000       10        0       5
                config                           300000   300000        A        0       4
                init                                 1A       1A        4        4       0
                reset_vec                             0        0        4        0       0
dist/default/production\filtro.X.production.o
                idloc                            200000   200000       10        0       5
                config                           300000   300000        A        0       4
                ivt0x8                                8        8       12        4       0
                text2                               5FA      5FA      31A        4       0
                text1                               914      914      13C        4       0
                text0                                1E       1E      5DC        4       0
                cstackCOMRAM                         43       43        4        1       1
                bssCOMRAM                             1        1       42        1       1
                cinit                               A50      A50       1E        4       0

TOTAL           Name                               Link     Load   Length     Space
        CLASS   STACK          

        CLASS   CODE           
                init                                 1A       1A        4         0
                reset_vec                             0        0        4         0
                ivt0x8                                8        8       12         0
                text2                               5FA      5FA      31A         0
                text1                               914      914      13C         0
                text0                                1E       1E      5DC         0
                cinit                               A50      A50       1E         0

        CLASS   CONST          

        CLASS   SMALLCONST     

        CLASS   MEDIUMCONST    

        CLASS   COMRAM         
                cstackCOMRAM                         43       43        4         1
                bssCOMRAM                             1        1       42         1

        CLASS   ABS1           

        CLASS   BIGRAM         

        CLASS   RAM            

        CLASS   BANK0          

        CLASS   BANK1          

        CLASS   BANK2          

        CLASS   BANK3          

        CLASS   BANK4          

        CLASS   BANK5          

        CLASS   BANK6          

        CLASS   BANK7          

        CLASS   BANK8          

        CLASS   BANK9          

        CLASS   BANK10         

        CLASS   BANK11         

        CLASS   BANK12         

        CLASS   BANK13         

        CLASS   BANK14         

        CLASS   BANK15         

        CLASS   BANK16         

        CLASS   BANK17         

        CLASS   BANK18         

        CLASS   BANK19         

        CLASS   BANK20         

        CLASS   BANK21         

        CLASS   BANK22         

        CLASS   BANK23         

        CLASS   BANK24         

        CLASS   BANK25         

        CLASS   BANK26         

        CLASS   BANK27         

        CLASS   BANK28         

        CLASS   BANK29         

        CLASS   BANK30         

        CLASS   BANK31         

        CLASS   SFR            

        CLASS   CONFIG         
                config                           300000   300000        A         4

        CLASS   IDLOC          
                idloc                            200000   200000       10         5

        CLASS   EEDATA         

        CLASS   FARRAM         



SEGMENTS        Name                           Load    Length   Top    Selector   Space  Class

                reset_vec                      000000  000004  000004         0       0  CODE    
                bssCOMRAM                      000001  000046  000047         1       1  COMRAM  
                ivt0x8                         000008  000A66  000A6E         4       0  CODE    


UNUSED ADDRESS RANGES

        Name                Unused          Largest block    Delta
        BANK0            000060-0000FF               A0
        BANK1            000100-0001FF              100
        BANK10           000A00-000AFF              100
        BANK11           000B00-000BFF              100
        BANK12           000C00-000CFF              100
        BANK13           000D00-000DFF              100
        BANK14           000E00-000EFF              100
        BANK15           000F00-000FFF              100
        BANK16           001000-0010FF              100
        BANK17           001100-0011FF              100
        BANK18           001200-0012FF              100
        BANK19           001300-0013FF              100
        BANK2            000200-0002FF              100
        BANK20           001400-0014FF              100
        BANK21           001500-0015FF              100
        BANK22           001600-0016FF              100
        BANK23           001700-0017FF              100
        BANK24           001800-0018FF              100
        BANK25           001900-0019FF              100
        BANK26           001A00-001AFF              100
        BANK27           001B00-001BFF              100
        BANK28           001C00-001CFF              100
        BANK29           001D00-001DFF              100
        BANK3            000300-0003FF              100
        BANK30           001E00-001EFF              100
        BANK31           001F00-001FFF              100
        BANK4            000400-0004FF              100
        BANK5            000500-0005FF              100
        BANK6            000600-0006FF              100
        BANK7            000700-0007FF              100
        BANK8            000800-0008FF              100
        BANK9            000900-0009FF              100
        BIGRAM           000047-001FFF             1FB9
        CODE             000004-000007                4
                         000A6E-01FFFF            1F592
        COMRAM           000047-00005F               19
        CONST            000004-000007                4
                         000A6E-01FFFF            1F592
        EEDATA           310000-3103FF              400
        MEDIUMCONST      002000-00FFFF             E000
                         012000-01FFFF             E000
        RAM              000060-001FFF              100
        SFR              003800-003FFF              100
        SMALLCONST       002000-01FFFF              100
        STACK            000060-001FFF             1FA0

                                  Symbol Table

IVTBASEH                           (abs)        003FD6
IVTBASEL                           (abs)        003FD5
IVTBASEU                           (abs)        003FD7
_ANSELA                            (abs)        003A40
_ANSELB                            (abs)        003A50
_ANSELC                            (abs)        003A60
_ANSELD                            (abs)        003A70
_ANSELE                            (abs)        003A80
_CM                                bssCOMRAM    00003F
_I2C1CLK                           (abs)        003D7B
_I2C1CNT                           (abs)        003D6C
_I2C1CON0                          (abs)        003D73
_I2C1CON0bits                      (abs)        003D73
_I2C1CON1                          (abs)        003D74
_I2C1CON1bits                      (abs)        003D74
_I2C1CON2                          (abs)        003D75
_I2C1ERR                           (abs)        003D76
_I2C1PIE                           (abs)        003D7A
_I2C1PIR                           (abs)        003D79
_I2C1RXB                           (abs)        003D6A
_I2C1SDAPPS                        (abs)        003AE2
_I2C1STAT1bits                     (abs)        003D78
_I2C1TXB                           (abs)        003D6B
_I2C2CON0bits                      (abs)        003D5D
_INLVLA                            (abs)        003A44
_INLVLB                            (abs)        003A54
_INLVLC                            (abs)        003A64
_INLVLD                            (abs)        003A74
_INLVLE                            (abs)        003A84
_INTCON0                           (abs)        003FD2
_LATA                              (abs)        003FBA
_LATB                              (abs)        003FBB
_LATC                              (abs)        003FBC
_LATD                              (abs)        003FBD
_LATE                              (abs)        003FBE
_ODCONA                            (abs)        003A42
_ODCONB                            (abs)        003A52
_ODCONC                            (abs)        003A62
_ODCOND                            (abs)        003A72
_ODCONE                            (abs)        003A82
_OSCCON1                           (abs)        0039D9
_OSCCON3                           (abs)        0039DB
_OSCEN                             (abs)        0039DD
_OSCFRQ                            (abs)        0039DF
_OSCTUNE                           (abs)        0039DE
_PIE1                              (abs)        003991
_PIE2                              (abs)        003992
_PIE3                              (abs)        003993
_PIE3bits                          (abs)        003993
_PIE4                              (abs)        003994
_PIR3bits                          (abs)        0039A3
_RB1I2C                            (abs)        003A5A
_RB2I2C                            (abs)        003A5B
_RC3I2C                            (abs)        003A6A
_RC3PPS                            (abs)        003A13
_RC4I2C                            (abs)        003A6B
_RC4PPS                            (abs)        003A14
_RC6PPS                            (abs)        003A16
_RD0I2C                            (abs)        003A7A
_RD1I2C                            (abs)        003A7B
_RX                                bssCOMRAM    000037
_SLRCONA                           (abs)        003A43
_SLRCONB                           (abs)        003A53
_SLRCONC                           (abs)        003A63
_SLRCOND                           (abs)        003A73
_SLRCONE                           (abs)        003A83
_SUBRUTINA_INTERRUPCIONES          text2        0005FA
_TRISA                             (abs)        003FC2
_TRISB                             (abs)        003FC3
_TRISC                             (abs)        003FC4
_TRISD                             (abs)        003FC5
_TRISE                             (abs)        003FC6
_U1BRGH                            (abs)        003DF6
_U1BRGL                            (abs)        003DF5
_U1CON0                            (abs)        003DF2
_U1CON1                            (abs)        003DF3
_U1CON2                            (abs)        003DF4
_U1ERRIE                           (abs)        003DFA
_U1ERRIR                           (abs)        003DF9
_U1FIFO                            (abs)        003DF7
_U1P1H                             (abs)        003DED
_U1P1L                             (abs)        003DEC
_U1P2H                             (abs)        003DEF
_U1P2L                             (abs)        003DEE
_U1P3H                             (abs)        003DF1
_U1P3L                             (abs)        003DF0
_U1RXB                             (abs)        003DE8
_U1RXPPS                           (abs)        003AE5
_U1TXB                             (abs)        003DEA
_U1UIR                             (abs)        003DF8
_WPUA                              (abs)        003A41
_WPUB                              (abs)        003A51
_WPUC                              (abs)        003A61
_WPUD                              (abs)        003A71
_WPUE                              (abs)        003A81
__HRAM                             (abs)        000000
__Habs1                            abs1         000000
__Hbank0                           bank0        000000
__Hbank1                           bank1        000000
__Hbank10                          bank10       000000
__Hbank11                          bank11       000000
__Hbank12                          bank12       000000
__Hbank13                          bank13       000000
__Hbank14                          bank14       000000
__Hbank15                          bank15       000000
__Hbank16                          bank16       000000
__Hbank17                          bank17       000000
__Hbank18                          bank18       000000
__Hbank19                          bank19       000000
__Hbank2                           bank2        000000
__Hbank20                          bank20       000000
__Hbank21                          bank21       000000
__Hbank22                          bank22       000000
__Hbank23                          bank23       000000
__Hbank24                          bank24       000000
__Hbank25                          bank25       000000
__Hbank26                          bank26       000000
__Hbank27                          bank27       000000
__Hbank28                          bank28       000000
__Hbank29                          bank29       000000
__Hbank3                           bank3        000000
__Hbank30                          bank30       000000
__Hbank31                          bank31       000000
__Hbank4                           bank4        000000
__Hbank5                           bank5        000000
__Hbank6                           bank6        000000
__Hbank7                           bank7        000000
__Hbank8                           bank8        000000
__Hbank9                           bank9        000000
__Hbigbss                          bigbss       000000
__Hbigdata                         bigdata      000000
__Hbigram                          bigram       000000
__Hbss                             bss          000000
__HbssCOMRAM                       bssCOMRAM    000000
__Hcinit                           cinit        000000
__Hclrtext                         clrtext      000000
__Hcomram                          comram       000000
__Hconfig                          config       30000A
__Hconst                           const        000000
__HcstackCOMRAM                    cstackCOMRAM 000000
__Hdata                            data         000000
__Heeprom_data                     eeprom_data  000000
__Hfarbss                          farbss       000000
__Hfardata                         fardata      000000
__Hibigdata                        ibigdata     000000
__Hidata                           idata        000000
__Hidloc                           idloc        200010
__Hifardata                        ifardata     000000
__Hinit                            init         00001E
__Hintsave_regs                    intsave_regs 000000
__Hirdata                          irdata       000000
__Hivt0x8                          ivt0x8       00001A
__Hmediumconst                     mediumconst  000000
__HnvFARRAM                        nvFARRAM     000000
__Hnvbit                           nvbit        000000
__Hnvrram                          nvrram       000000
__Hparam                           rparam       000000
__Hpowerup                         powerup      000000
__Hram                             ram          000000
__Hramtop                          ramtop       002000
__Hrbit                            rbit         000000
__Hrbss                            rbss         000000
__Hrdata                           rdata        000000
__Hreset_vec                       reset_vec    000004
__Hrparam                          rparam       000000
__Hsfr                             sfr          000000
__Hsmallconst                      smallconst   000000
__Hspace_0                         (abs)        002000
__Hspace_1                         (abs)        000047
__Hspace_2                         (abs)        000000
__Hspace_4                         (abs)        60000A
__Hstack                           stack        000000
__Hstruct                          struct       000000
__Htemp                            temp         000000
__Htext                            text         000000
__Htext0                           text0        000000
__Htext1                           text1        000000
__Htext2                           text2        000000
__LRAM                             (abs)        000001
__Labs1                            abs1         000000
__Lbank0                           bank0        000000
__Lbank1                           bank1        000000
__Lbank10                          bank10       000000
__Lbank11                          bank11       000000
__Lbank12                          bank12       000000
__Lbank13                          bank13       000000
__Lbank14                          bank14       000000
__Lbank15                          bank15       000000
__Lbank16                          bank16       000000
__Lbank17                          bank17       000000
__Lbank18                          bank18       000000
__Lbank19                          bank19       000000
__Lbank2                           bank2        000000
__Lbank20                          bank20       000000
__Lbank21                          bank21       000000
__Lbank22                          bank22       000000
__Lbank23                          bank23       000000
__Lbank24                          bank24       000000
__Lbank25                          bank25       000000
__Lbank26                          bank26       000000
__Lbank27                          bank27       000000
__Lbank28                          bank28       000000
__Lbank29                          bank29       000000
__Lbank3                           bank3        000000
__Lbank30                          bank30       000000
__Lbank31                          bank31       000000
__Lbank4                           bank4        000000
__Lbank5                           bank5        000000
__Lbank6                           bank6        000000
__Lbank7                           bank7        000000
__Lbank8                           bank8        000000
__Lbank9                           bank9        000000
__Lbigbss                          bigbss       000000
__Lbigdata                         bigdata      000000
__Lbigram                          bigram       000000
__Lbss                             bss          000000
__LbssCOMRAM                       bssCOMRAM    000000
__Lcinit                           cinit        000000
__Lclrtext                         clrtext      000000
__Lcomram                          comram       000000
__Lconfig                          config       000000
__Lconst                           const        000000
__LcstackCOMRAM                    cstackCOMRAM 000000
__Ldata                            data         000000
__Leeprom_data                     eeprom_data  000000
__Lfarbss                          farbss       000000
__Lfardata                         fardata      000000
__Libigdata                        ibigdata     000000
__Lidata                           idata        000000
__Lidloc                           idloc        000000
__Lifardata                        ifardata     000000
__Linit                            init         00001A
__Lintsave_regs                    intsave_regs 000000
__Lirdata                          irdata       000000
__Livt0x8                          ivt0x8       000008
__Lmediumconst                     mediumconst  000000
__LnvFARRAM                        nvFARRAM     000000
__Lnvbit                           nvbit        000000
__Lnvrram                          nvrram       000000
__Lparam                           rparam       000000
__Lpowerup                         powerup      000000
__Lram                             ram          000000
__Lramtop                          ramtop       002000
__Lrbit                            rbit         000000
__Lrbss                            rbss         000000
__Lrdata                           rdata        000000
__Lreset_vec                       reset_vec    000000
__Lrparam                          rparam       000000
__Lsfr                             sfr          000000
__Lsmallconst                      smallconst   000000
__Lspace_0                         (abs)        000000
__Lspace_1                         (abs)        000000
__Lspace_2                         (abs)        000000
__Lspace_4                         (abs)        000000
__Lstack                           stack        000000
__Lstruct                          struct       000000
__Ltemp                            temp         000000
__Ltext                            text         000000
__Ltext0                           text0        000000
__Ltext1                           text1        000000
__Ltext2                           text2        000000
__S0                               (abs)        000A6E
__S1                               (abs)        000047
__S2                               (abs)        000000
__S4                               (abs)        000000
__S5                               (abs)        000000
___inthi_sp                        stack        000000
___intlo_sp                        stack        000000
___param_bank                      (abs)        000000
___rparam_used                     (abs)        000001
___sp                              stack        000000
__accesstop                        (abs)        000060
__activetblptr                     (abs)        000003
__end_of_SUBRUTINA_INTERRUPCIONES  text2        000914
__end_of__initialization           cinit        000A68
__end_of_init_system               text1        000A50
__end_of_main                      text0        0005FA
__initialization                   cinit        000A50
__mediumconst                      mediumconst  000000
__pbssCOMRAM                       bssCOMRAM    000001
__pcinit                           cinit        000A50
__pcstackCOMRAM                    cstackCOMRAM 000043
__pivt0x8                          ivt0x8       000008
__ptext0                           text0        00001E
__ptext1                           text1        000914
__ptext2                           text2        0005FA
__ramtop                           ramtop       002000
__size_of_SUBRUTINA_INTERRUPCIONES (abs)        000000
__size_of_init_system              (abs)        000000
__size_of_main                     (abs)        000000
__smallconst                       smallconst   000000
_banderaCM                         bssCOMRAM    000039
_bitsDir                           bssCOMRAM    000033
_bitsRX                            bssCOMRAM    000035
_cont                              bssCOMRAM    000021
_data                              bssCOMRAM    000001
_dato                              bssCOMRAM    00002B
_dir                               bssCOMRAM    00002F
_direccion                         bssCOMRAM    00002D
_entrada                           bssCOMRAM    000029
_entrada1                          bssCOMRAM    000027
_estados                           bssCOMRAM    000031
_i                                 bssCOMRAM    00003B
_init_system                       text1        000914
_main                              text0        00001E
_num                               bssCOMRAM    00003D
_timer1ReloadVal                   bssCOMRAM    000025
_z                                 bssCOMRAM    000041
end_of_initialization              cinit        000A68
intlevel0                          text         000000
intlevel1                          text         000000
intlevel2                          text         000000
intlevel3                          text         000000
ivt0x8_base                        ivt0x8       000008
stackhi                            (abs)        001FFF
stacklo                            (abs)        000060
start                              init         00001A
start_initialization               cinit        000A50


FUNCTION INFORMATION:

 *************** function _main *****************
 Defined at:
		line 32 in file "main.c"
 Parameters:    Size  Location     Type
		None
 Auto vars:     Size  Location     Type
		None
 Return value:  Size  Location     Type
                  1    wreg      void 
 Registers used:
		wreg, fsr2l, fsr2h, status,2, status,0, cstack
 Tracked objects:
		On entry : 
		On exit  : 
		Unchanged: 
 Data sizes:     COMRAM   BANK0   BANK1   BANK2   BANK3   BANK4   BANK5   BANK6   BANK7   BANK8   BANK9  BANK10  BANK11  BANK12  BANK13  BANK14  BANK15  BANK16  BANK17  BANK18  BANK19  BANK20  BANK21  BANK22  BANK23  BANK24  BANK25  BANK26  BANK27  BANK28  BANK29  BANK30  BANK31
      Params:         0       0       0       0       0       0       0       0       0       0       0       0       0       0       0       0       0       0       0       0       0       0       0       0       0       0       0       0       0       0       0       0       0
      Locals:         0       0       0       0       0       0       0       0       0       0       0       0       0       0       0       0       0       0       0       0       0       0       0       0       0       0       0       0       0       0       0       0       0
      Temps:          2       0       0       0       0       0       0       0       0       0       0       0       0       0       0       0       0       0       0       0       0       0       0       0       0       0       0       0       0       0       0       0       0
      Totals:         2       0       0       0       0       0       0       0       0       0       0       0       0       0       0       0       0       0       0       0       0       0       0       0       0       0       0       0       0       0       0       0       0
Total ram usage:        2 bytes
 Hardware stack levels required when called:    2
 This function calls:
		_init_system
 This function is called by:
		Startup code after reset
 This function uses a non-reentrant model


 *************** function _init_system *****************
 Defined at:
		line 6 in file "init_system.c"
 Parameters:    Size  Location     Type
		None
 Auto vars:     Size  Location     Type
		None
 Return value:  Size  Location     Type
                  1    wreg      void 
 Registers used:
		wreg, status,2
 Tracked objects:
		On entry : 
		On exit  : 
		Unchanged: 
 Data sizes:     COMRAM   BANK0   BANK1   BANK2   BANK3   BANK4   BANK5   BANK6   BANK7   BANK8   BANK9  BANK10  BANK11  BANK12  BANK13  BANK14  BANK15  BANK16  BANK17  BANK18  BANK19  BANK20  BANK21  BANK22  BANK23  BANK24  BANK25  BANK26  BANK27  BANK28  BANK29  BANK30  BANK31
      Params:         0       0       0       0       0       0       0       0       0       0       0       0       0       0       0       0       0       0       0       0       0       0       0       0       0       0       0       0       0       0       0       0       0
      Locals:         0       0       0       0       0       0       0       0       0       0       0       0       0       0       0       0       0       0       0       0       0       0       0       0       0       0       0       0       0       0       0       0       0
      Temps:          0       0       0       0       0       0       0       0       0       0       0       0       0       0       0       0       0       0       0       0       0       0       0       0       0       0       0       0       0       0       0       0       0
      Totals:         0       0       0       0       0       0       0       0       0       0       0       0       0       0       0       0       0       0       0       0       0       0       0       0       0       0       0       0       0       0       0       0       0
Total ram usage:        0 bytes
 Hardware stack levels used:    1
 Hardware stack levels required when called:    1
 This function calls:
		Nothing
 This function is called by:
		_main
 This function uses a non-reentrant model


 *************** function _SUBRUTINA_INTERRUPCIONES *****************
 Defined at:
		line 259 in file "main.c"
 Parameters:    Size  Location     Type
		None
 Auto vars:     Size  Location     Type
		None
 Return value:  Size  Location     Type
                  1    wreg      void 
 Registers used:
		wreg, fsr2l, fsr2h, status,2, status,0
 Tracked objects:
		On entry : 
		On exit  : 
		Unchanged: 
 Data sizes:     COMRAM   BANK0   BANK1   BANK2   BANK3   BANK4   BANK5   BANK6   BANK7   BANK8   BANK9  BANK10  BANK11  BANK12  BANK13  BANK14  BANK15  BANK16  BANK17  BANK18  BANK19  BANK20  BANK21  BANK22  BANK23  BANK24  BANK25  BANK26  BANK27  BANK28  BANK29  BANK30  BANK31
      Params:         0       0       0       0       0       0       0       0       0       0       0       0       0       0       0       0       0       0       0       0       0       0       0       0       0       0       0       0       0       0       0       0       0
      Locals:         0       0       0       0       0       0       0       0       0       0       0       0       0       0       0       0       0       0       0       0       0       0       0       0       0       0       0       0       0       0       0       0       0
      Temps:          2       0       0       0       0       0       0       0       0       0       0       0       0       0       0       0       0       0       0       0       0       0       0       0       0       0       0       0       0       0       0       0       0
      Totals:         2       0       0       0       0       0       0       0       0       0       0       0       0       0       0       0       0       0       0       0       0       0       0       0       0       0       0       0       0       0       0       0       0
Total ram usage:        2 bytes
 Hardware stack levels used:    1
 This function calls:
		Nothing
 This function is called by:
		Interrupt level 2
 This function uses a non-reentrant model



MODULE INFORMATION

Module		Function		Class		Link	Load	Size
init_system.c
		_init_system   		CODE           	0914	0000	316

init_system.c estimated size: 316

shared
		__initialization		CODE           	0A50	0000	24

shared estimated size: 24

main.c
		_main          		CODE           	001E	0000	1500
		_SUBRUTINA_INTERRUPCIONES		CODE           	05FA	0000	794

main.c estimated size: 2294

